{
  "name": "Cslib.SKI.parallelReduction_diamond",
  "compiled": true,
  "length": 305,
  "reference_length": 407,
  "length_reduction_pct": 25.06,
  "heartbeats": 713,
  "reference_heartbeats": 1629,
  "heartbeat_reduction_pct": 56.23,
  "objective_sum_pct": 81.29,
  "survival_pct": 100.0,
  "combined_pct": 60.43,
  "compat": {
    "v4.33.0-rc2": true,
    "v4.32.0": true,
    "v4.31.0": true,
    "v4.30.0": true
  },
  "statement_ok": true,
  "per_version": [
    {
      "version": "v4.33.0-rc2",
      "ok": true,
      "heartbeats": 713,
      "errors": [],
      "note": ""
    },
    {
      "version": "v4.32.0",
      "ok": true,
      "heartbeats": 714,
      "errors": [],
      "note": ""
    },
    {
      "version": "v4.31.0",
      "ok": true,
      "heartbeats": 714,
      "errors": [],
      "note": ""
    },
    {
      "version": "v4.30.0",
      "ok": true,
      "heartbeats": 711,
      "errors": [],
      "note": ""
    }
  ],
  "published_heartbeats": 1383
}
