{
  "name": "Core.InitsUpdatesComm",
  "compiled": true,
  "length": 100,
  "reference_length": 224,
  "length_reduction_pct": 55.36,
  "heartbeats": 387,
  "reference_heartbeats": 4547,
  "heartbeat_reduction_pct": 91.49,
  "objective_sum_pct": 146.85,
  "survival_pct": 100.0,
  "combined_pct": 82.28,
  "compat": {
    "v4.29.1": true,
    "v4.27.0": true,
    "v4.26.0": true
  },
  "statement_ok": true,
  "per_version": [
    {
      "version": "v4.29.1",
      "ok": true,
      "heartbeats": 387,
      "errors": [],
      "note": ""
    },
    {
      "version": "v4.27.0",
      "ok": true,
      "heartbeats": 237,
      "errors": [],
      "note": ""
    },
    {
      "version": "v4.26.0",
      "ok": true,
      "heartbeats": 175,
      "errors": [],
      "note": ""
    }
  ],
  "published_heartbeats": 4251
}
