{
  "name": "Binius.BinaryBasefold.fiberwise_dist_lt_imp_dist_lt_unique_decoding_radius",
  "compiled": true,
  "length": 613,
  "reference_length": 1463,
  "length_reduction_pct": 58.1,
  "heartbeats": 8502,
  "reference_heartbeats": 17440,
  "heartbeat_reduction_pct": 51.25,
  "objective_sum_pct": 109.35,
  "survival_pct": 100.0,
  "combined_pct": 69.78,
  "compat": {
    "v4.31.0": true,
    "v4.30.0": true,
    "v4.29.0": true,
    "v4.28.0": true
  },
  "statement_ok": true,
  "per_version": [
    {
      "version": "v4.31.0",
      "ok": true,
      "heartbeats": 8502,
      "errors": [],
      "note": ""
    },
    {
      "version": "v4.30.0",
      "ok": true,
      "heartbeats": 8820,
      "errors": [],
      "note": ""
    },
    {
      "version": "v4.29.0",
      "ok": true,
      "heartbeats": 9903,
      "errors": [],
      "note": ""
    },
    {
      "version": "v4.28.0",
      "ok": true,
      "heartbeats": 11888,
      "errors": [],
      "note": ""
    }
  ],
  "published_heartbeats": 15645
}
