{
  "name": "putnam_1995_a3",
  "compiled": true,
  "length": 414,
  "reference_length": 4085,
  "length_reduction_pct": 89.87,
  "heartbeats": 2227,
  "reference_heartbeats": 14133,
  "heartbeat_reduction_pct": 84.24,
  "objective_sum_pct": 174.11,
  "survival_pct": 100.0,
  "combined_pct": 91.37,
  "compat": {
    "v4.25.0": true,
    "v4.26.0": true,
    "v4.27.0": true
  },
  "statement_ok": true,
  "per_version": [
    {
      "version": "v4.25.0",
      "ok": true,
      "heartbeats": 2865,
      "errors": [],
      "note": ""
    },
    {
      "version": "v4.26.0",
      "ok": true,
      "heartbeats": 2271,
      "errors": [],
      "note": ""
    },
    {
      "version": "v4.27.0",
      "ok": true,
      "heartbeats": 2227,
      "errors": [],
      "note": ""
    }
  ],
  "published_heartbeats": 14130
}
