{
  "name": "putnam_1964_b2",
  "compiled": true,
  "length": 119,
  "reference_length": 1754,
  "length_reduction_pct": 93.22,
  "heartbeats": 1230,
  "reference_heartbeats": 134501,
  "heartbeat_reduction_pct": 99.09,
  "objective_sum_pct": 192.31,
  "survival_pct": 100.0,
  "combined_pct": 97.44,
  "compat": {
    "v4.25.0": true,
    "v4.26.0": true
  },
  "statement_ok": true,
  "per_version": [
    {
      "version": "v4.25.0",
      "ok": true,
      "heartbeats": 1501,
      "errors": [],
      "note": ""
    },
    {
      "version": "v4.26.0",
      "ok": true,
      "heartbeats": 1230,
      "errors": [],
      "note": ""
    }
  ],
  "published_heartbeats": 134499
}
