{
  "name": "CallElimCorrect.extractedOldExprInVars",
  "compiled": true,
  "length": 128,
  "reference_length": 222,
  "length_reduction_pct": 42.34,
  "heartbeats": 433,
  "reference_heartbeats": 2708,
  "heartbeat_reduction_pct": 84.01,
  "objective_sum_pct": 126.35,
  "survival_pct": 100.0,
  "combined_pct": 75.45,
  "compat": {
    "v4.26.0": true
  },
  "statement_ok": true,
  "per_version": [
    {
      "version": "v4.26.0",
      "ok": true,
      "heartbeats": 433,
      "errors": [],
      "note": ""
    }
  ],
  "published_heartbeats": 2696
}
