{
  "name": "CallElimCorrect.substOldPostSubset",
  "compiled": true,
  "length": 188,
  "reference_length": 313,
  "length_reduction_pct": 39.94,
  "heartbeats": 1429,
  "reference_heartbeats": 5184,
  "heartbeat_reduction_pct": 72.43,
  "objective_sum_pct": 112.37,
  "survival_pct": 100.0,
  "combined_pct": 70.79,
  "compat": {
    "v4.26.0": true
  },
  "statement_ok": true,
  "per_version": [
    {
      "version": "v4.26.0",
      "ok": true,
      "heartbeats": 1429,
      "errors": [],
      "note": ""
    }
  ],
  "published_heartbeats": 5175
}
