{
  "name": "fundamental_theorem_of_variational_calculus'",
  "compiled": true,
  "length": 171,
  "reference_length": 851,
  "length_reduction_pct": 79.91,
  "heartbeats": 2033,
  "reference_heartbeats": 12033,
  "heartbeat_reduction_pct": 83.1,
  "objective_sum_pct": 163.01,
  "survival_pct": 100.0,
  "combined_pct": 87.67,
  "compat": {
    "v4.32.0": true
  },
  "statement_ok": true,
  "per_version": [
    {
      "version": "v4.32.0",
      "ok": true,
      "heartbeats": 2033,
      "errors": [],
      "note": ""
    }
  ],
  "published_heartbeats": 11947
}
